// Jest Snapshot v1, https://goo.gl/fbAQLP

exports[`Searching snapshot test 1`] = `
<Searching
  searchData={
    Object {
      "country": "d",
      "genre": "d",
      "label": "d",
      "query": "d",
      "style": "d",
      "type": "master",
      "year": "1",
    }
  }
>
  <Row
    className="justify-content-md-center"
    noGutters={false}
  >
    <div
      className="justify-content-md-center row"
    >
      <Col
        md={6}
      >
        <div
          className="col-md-6"
        >
          <Form
            className="form-signin"
            inline={false}
          >
            <form
              className="form-signin"
            >
              <ForwardRef
                appear={false}
                getDimensionValue={[Function]}
                in={true}
                mountOnEnter={false}
                timeout={300}
                unmountOnExit={false}
              >
                <Transition
                  addEndListener={[Function]}
                  appear={false}
                  aria-expanded={null}
                  enter={true}
                  exit={true}
                  in={true}
                  mountOnEnter={false}
                  onEnter={[Function]}
                  onEntered={[Function]}
                  onEntering={[Function]}
                  onExit={[Function]}
                  onExited={[Function]}
                  onExiting={[Function]}
                  timeout={300}
                  unmountOnExit={false}
                >
                  <div
                    aria-expanded={null}
                    className="collapse show"
                    id="simple-search"
                  >
                    <FormGroup
                      controlId="artist"
                    >
                      <div
                        className="form-group"
                      >
                        <FormLabel
                          column={false}
                          srOnly={false}
                        >
                          <label
                            className="form-label"
                            htmlFor="artist"
                          >
                            search
                          </label>
                        </FormLabel>
                        <FormControl
                          autoComplete="off"
                          name="query"
                          type="text"
                          value="d"
                        >
                          <input
                            autoComplete="off"
                            className="form-control"
                            id="artist"
                            name="query"
                            type="text"
                            value="d"
                          />
                        </FormControl>
                      </div>
                    </FormGroup>
                  </div>
                </Transition>
              </ForwardRef>
              <ForwardRef
                appear={false}
                getDimensionValue={[Function]}
                in={false}
                mountOnEnter={false}
                timeout={300}
                unmountOnExit={false}
              >
                <Transition
                  addEndListener={[Function]}
                  appear={false}
                  aria-expanded={null}
                  enter={true}
                  exit={true}
                  in={false}
                  mountOnEnter={false}
                  onEnter={[Function]}
                  onEntered={[Function]}
                  onEntering={[Function]}
                  onExit={[Function]}
                  onExited={[Function]}
                  onExiting={[Function]}
                  timeout={300}
                  unmountOnExit={false}
                >
                  <div
                    aria-expanded={null}
                    className="collapse"
                    id="advanced-search"
                  >
                    <FormGroup
                      controlId="artist"
                    >
                      <div
                        className="form-group"
                      >
                        <FormLabel
                          column={false}
                          srOnly={false}
                        >
                          <label
                            className="form-label"
                            htmlFor="artist"
                          >
                            artist
                          </label>
                        </FormLabel>
                        <FormControl
                          autoComplete="off"
                          name="artist"
                          type="text"
                        >
                          <input
                            autoComplete="off"
                            className="form-control"
                            id="artist"
                            name="artist"
                            type="text"
                          />
                        </FormControl>
                      </div>
                    </FormGroup>
                    <FormGroup
                      controlId="label"
                    >
                      <div
                        className="form-group"
                      >
                        <FormLabel
                          column={false}
                          srOnly={false}
                        >
                          <label
                            className="form-label"
                            htmlFor="label"
                          >
                            label
                          </label>
                        </FormLabel>
                        <FormControl
                          autoComplete="off"
                          name="label"
                          type="text"
                          value="d"
                        >
                          <input
                            autoComplete="off"
                            className="form-control"
                            id="label"
                            name="label"
                            type="text"
                            value="d"
                          />
                        </FormControl>
                      </div>
                    </FormGroup>
                    <FormGroup
                      controlId="year"
                    >
                      <div
                        className="form-group"
                      >
                        <FormLabel
                          column={false}
                          srOnly={false}
                        >
                          <label
                            className="form-label"
                            htmlFor="year"
                          >
                            year
                          </label>
                        </FormLabel>
                        <FormControl
                          autoComplete="off"
                          maxLength={4}
                          name="year"
                          type="text"
                          value="1"
                        >
                          <input
                            autoComplete="off"
                            className="form-control"
                            id="year"
                            maxLength={4}
                            name="year"
                            type="text"
                            value="1"
                          />
                        </FormControl>
                      </div>
                    </FormGroup>
                    <FormGroup
                      controlId="style"
                    >
                      <div
                        className="form-group"
                      >
                        <FormLabel
                          column={false}
                          srOnly={false}
                        >
                          <label
                            className="form-label"
                            htmlFor="style"
                          >
                            style
                          </label>
                        </FormLabel>
                        <FormControl
                          autoComplete="off"
                          name="style"
                          type="text"
                          value="d"
                        >
                          <input
                            autoComplete="off"
                            className="form-control"
                            id="style"
                            name="style"
                            type="text"
                            value="d"
                          />
                        </FormControl>
                      </div>
                    </FormGroup>
                    <FormGroup
                      controlId="genre"
                    >
                      <div
                        className="form-group"
                      >
                        <FormLabel
                          column={false}
                          srOnly={false}
                        >
                          <label
                            className="form-label"
                            htmlFor="genre"
                          >
                            genre
                          </label>
                        </FormLabel>
                        <FormControl
                          autoComplete="off"
                          name="genre"
                          type="text"
                          value="d"
                        >
                          <input
                            autoComplete="off"
                            className="form-control"
                            id="genre"
                            name="genre"
                            type="text"
                            value="d"
                          />
                        </FormControl>
                      </div>
                    </FormGroup>
                    <FormGroup
                      controlId="type"
                    >
                      <div
                        className="form-group"
                      >
                        <FormLabel
                          column={false}
                          srOnly={false}
                        >
                          <label
                            className="form-label"
                            htmlFor="type"
                          >
                            type
                          </label>
                        </FormLabel>
                        <FormControl
                          as="select"
                          name="type"
                          value="master"
                        >
                          <select
                            className="form-control"
                            id="type"
                            name="type"
                            value="master"
                          >
                            <option
                              value=""
                            >
                              all
                            </option>
                            <option
                              value="master"
                            >
                              master
                            </option>
                            <option
                              value="release"
                            >
                              release
                            </option>
                            <option
                              value="artist"
                            >
                              artist
                            </option>
                            <option
                              value="label"
                            >
                              label
                            </option>
                          </select>
                        </FormControl>
                      </div>
                    </FormGroup>
                    <FormGroup
                      controlId="type"
                    >
                      <div
                        className="form-group"
                      >
                        <FormLabel
                          column={false}
                          srOnly={false}
                        >
                          <label
                            className="form-label"
                            htmlFor="type"
                          >
                            country
                          </label>
                        </FormLabel>
                        <FormControl
                          autoComplete="off"
                          name="country"
                          type="text"
                          value="d"
                        >
                          <input
                            autoComplete="off"
                            className="form-control"
                            id="type"
                            name="country"
                            type="text"
                            value="d"
                          />
                        </FormControl>
                      </div>
                    </FormGroup>
                  </div>
                </Transition>
              </ForwardRef>
              <Link
                href={
                  Object {
                    "pathname": "/",
                    "query": Object {
                      "country": "d",
                      "genre": "d",
                      "label": "d",
                      "query": "d",
                      "style": "d",
                      "type": "master",
                      "year": "1",
                    },
                  }
                }
              >
                <Button
                  active={false}
                  disabled={false}
                  onClick={[Function]}
                  onMouseEnter={[Function]}
                  variant="outline-info"
                >
                  <button
                    className="btn btn-outline-info"
                    disabled={false}
                    onClick={[Function]}
                    onMouseEnter={[Function]}
                    type="button"
                  >
                    search
                  </button>
                </Button>
              </Link>
              <Link
                href={
                  Object {
                    "pathname": "/",
                  }
                }
              >
                <Button
                  active={false}
                  disabled={false}
                  onClick={[Function]}
                  onMouseEnter={[Function]}
                  variant="outline-info"
                >
                  <button
                    className="btn btn-outline-info"
                    disabled={false}
                    onClick={[Function]}
                    onMouseEnter={[Function]}
                    type="button"
                  >
                    reset
                  </button>
                </Button>
              </Link>
              <Button
                active={false}
                aria-controls="form-collapse"
                aria-expanded={false}
                disabled={false}
                onClick={[Function]}
                variant="outline-info"
              >
                <button
                  aria-controls="form-collapse"
                  aria-expanded={false}
                  className="btn btn-outline-info"
                  disabled={false}
                  onClick={[Function]}
                  type="button"
                >
                  advanced
                </button>
              </Button>
            </form>
          </Form>
        </div>
      </Col>
    </div>
  </Row>
</Searching>
`;
